// Jest Snapshot v1, https://goo.gl/fbAQLP

exports[`Todo snapshot 1`] = `
<div>
  <form
    class="TodoForm"
  >
    <div
      class="mb-3"
    >
      <input
        aria-label="Title"
        class="form-control"
        id="TodoForm-title"
        name="title"
        placeholder="Title"
        value="testTitle"
      />
    </div>
    <div
      class="mb-3"
    >
      <textarea
        aria-label="Description"
        class="form-control"
        id="TodoForm-description"
        name="description"
        placeholder="Description"
      >
        testDescription
      </textarea>
    </div>
    <div
      class="mb-3 d-flex justify-content-between"
    >
      <div
        class="w-75 d-flex justify-content-between"
      >
        <label
          class="d-inline-flex"
          for="newTodo-priority"
        >
          Priority:  
        </label>
        <select
          class="form-control form-control-sm d-inline-flex"
          id="TodoForm-priority"
          name="priority"
        >
          <option
            value="1"
          >
            Ultra-Über
          </option>
          <option
            value="2"
          >
            Über
          </option>
          <option
            value="3"
          >
            Meh
          </option>
        </select>
      </div>
      <button
        class="btn-primary rig btn btn-sm NewTodoForm-addBtn"
      >
        Gø!
      </button>
    </div>
  </form>
</div>
`;
